
> tecmeing@0.0.0 build
> ng build

npm : [1m[33m[baseline-browser-mapping] The data in this module is over 
two months old.  To ensure accurate Baseline data, please update: `npm i 
baseline-browser-mapping@latest -D`[39m[22m
En línea: 1 Carácter: 1
+ npm run build > build-output.log 2>&1
+ ~~~~~~~~~~~~~~~~~~~~~~~~~~~~~~~~~~~~~
    + CategoryInfo          : NotSpecified: ([1m[33m[basel...t -D`[39m 
   [22m:String) [], RemoteException
    + FullyQualifiedErrorId : NativeCommandError
 
[33mÔØ»[39m Building...
[1m[33m[33mÔû▓ [43;33m[[43;30mWARNING[43;33m][0m [1mNG8107: The 
left side of this optional chain operation does not include 'null' or 
'undefined' in its type, therefore the '?.' operator can be replaced with 
the '.' operator.[0m [1m[35m[plugin angular-compiler][0m

    
src/app/pages/logistics/quote-entry/enter-supplier-quote.page.html:384:84:
[37m      384 Ôöé ...-2 w-3/4 text-xs">{{ item.productId?.[32mname[37m 
|| item.notes }}</span>
          ÔòÁ                                         [32m~~~~[0m

  Warning occurs in the template of component EnterSupplierQuotePage.

    
src/app/pages/logistics/quote-entry/enter-supplier-quote.page.ts:62:15:
[37m      62 Ôöé   templateUrl: 
[32m'./enter-supplier-quote.page.html'[37m,
         ÔòÁ                [32m~~~~~~~~~~~~~~~~~~~~~~~~~~~~~~~~~~[0m


[33mÔû▓ [43;33m[[43;30mWARNING[43;33m][0m [1mNG8107: The left side 
of this optional chain operation does not include 'null' or 'undefined' 
in its type, therefore the '?.' operator can be replaced with the '.' 
operator.[0m [1m[35m[plugin angular-compiler][0m

    src/app/pages/logistics/quote-entry/enter-supplier-quote.page.html:385
:133:
[37m      385 Ôöé ...m.quantity }} {{ 
item.productId?.[32munitOfMeasure[37m || 'und' }}</span>
          ÔòÁ                                     [32m~~~~~~~~~~~~~[0m

[32mÔ£ö[39m Building...
  Warning occurs in the template of component EnterSupplierQuotePage.

    
src/app/pages/logistics/quote-entry/enter-supplier-quote.page.ts:62:15:
[37m      62 Ôöé   templateUrl: 
[32m'./enter-supplier-quote.page.html'[37m,
         ÔòÁ                [32m~~~~~~~~~~~~~~~~~~~~~~~~~~~~~~~~~~[0m

[39m[22m
Application bundle generation failed. [38.611 seconds] - 2026-03-09T18:52:58.901Z

[1m[31m[31mX [41;31m[[41;97mERROR[41;31m][0m [1mTS2339: Property 
'name' does not exist on type 'string | Product'.
  Property 'name' does not exist on type 'string'.[0m [1m[35m[plugin 
angular-compiler][0m

    
src/app/pages/logistics/quote-entry/enter-supplier-quote.page.html:384:84:
[37m      384 Ôöé ...-2 w-3/4 text-xs">{{ item.productId?.[32mname[37m 
|| item.notes }}</span>
          ÔòÁ                                         [32m~~~~[0m

  Error occurs in the template of component EnterSupplierQuotePage.

    
src/app/pages/logistics/quote-entry/enter-supplier-quote.page.ts:62:15:
[37m      62 Ôöé   templateUrl: 
[32m'./enter-supplier-quote.page.html'[37m,
         ÔòÁ                [32m~~~~~~~~~~~~~~~~~~~~~~~~~~~~~~~~~~[0m


[31mX [41;31m[[41;97mERROR[41;31m][0m [1mTS2339: Property 
'unitOfMeasure' does not exist on type 'string | Product'.
  Property 'unitOfMeasure' does not exist on type 'string'.[0m 
[1m[35m[plugin angular-compiler][0m

    src/app/pages/logistics/quote-entry/enter-supplier-quote.page.html:385
:133:
[37m      385 Ôöé ...m.quantity }} {{ 
item.productId?.[32munitOfMeasure[37m || 'und' }}</span>
          ÔòÁ                                     [32m~~~~~~~~~~~~~[0m

  Error occurs in the template of component EnterSupplierQuotePage.

    
src/app/pages/logistics/quote-entry/enter-supplier-quote.page.ts:62:15:
[37m      62 Ôöé   templateUrl: 
[32m'./enter-supplier-quote.page.html'[37m,
         ÔòÁ                [32m~~~~~~~~~~~~~~~~~~~~~~~~~~~~~~~~~~[0m


[31mX [41;31m[[41;97mERROR[41;31m][0m [1mTS2367: This comparison 
appears to be unintentional because the types '"Borrador" | "Aprobada" | 
"Cerrada" | "Cancelada"' and '"En_Proceso"' have no overlap.[0m 
[1m[35m[plugin angular-compiler][0m

    
src/app/pages/logistics/quote-entry/enter-supplier-quote.page.ts:144:45:
[37m      144 Ôöé ...    (r) => r.status === 'Publicada' || 
[32mr.status === 'En_Proceso'[37m,
          ÔòÁ                                           
[32m~~~~~~~~~~~~~~~~~~~~~~~~~[0m


[31mX [41;31m[[41;97mERROR[41;31m][0m [1mTS2345: Argument of type 
'{ label: string; value: string | undefined; }[]' is not assignable to 
parameter of type '{ label: string; value: string; }[]'.
  Type '{ label: string; value: string | undefined; }' is not assignable 
to type '{ label: string; value: string; }'.
    Types of property 'value' are incompatible.
      Type 'string | undefined' is not assignable to type 'string'.
        Type 'undefined' is not assignable to type 'string'.[0m 
[1m[35m[plugin angular-compiler][0m

    
src/app/pages/logistics/quote-entry/enter-supplier-quote.page.ts:147:10:
[37m      147 Ôöé           [32meligible.map((r) => ({[37m
          ÔòÁ           [32m~~~~~~~~~~~~~~~~~~~~~~[0m


[31mX [41;31m[[41;97mERROR[41;31m][0m [1mTS2345: Argument of type 
'"supplier-quotes"' is not assignable to parameter of type '"clients" | 
"requirements" | "tdrs" | "quotes" | "orders" | "payrolls" | 
"engineering"'.[0m [1m[35m[plugin angular-compiler][0m

    
src/app/pages/logistics/quote-entry/enter-supplier-quote.page.ts:218:36:
[37m      218 Ôöé ...s.uploadService.upload([32m'supplier-quotes'[37m, 
quoteId, file).subsc...
          ÔòÁ                           [32m~~~~~~~~~~~~~~~~~[0m


[31mX [41;31m[[41;97mERROR[41;31m][0m [1mTS2339: Property 
'requirementId' does not exist on type 'Rfq'.[0m [1m[35m[plugin 
angular-compiler][0m

    
src/app/pages/logistics/quote-entry/enter-supplier-quote.page.ts:311:19:
[37m      311 Ôöé     if (currentRfq.[32mrequirementId[37m) {
          ÔòÁ                    [32m~~~~~~~~~~~~~[0m


[31mX [41;31m[[41;97mERROR[41;31m][0m [1mTS2339: Property 
'requirementId' does not exist on type 'Rfq'.[0m [1m[35m[plugin 
angular-compiler][0m

    
src/app/pages/logistics/quote-entry/enter-supplier-quote.page.ts:312:48:
[37m      312 Ôöé ...ntId = typeof currentRfq.[32mrequirementId[37m 
=== 'string' ? currentR...
          ÔòÁ                             [32m~~~~~~~~~~~~~[0m


[31mX [41;31m[[41;97mERROR[41;31m][0m [1mTS2339: Property 
'requirementId' does not exist on type 'Rfq'.[0m [1m[35m[plugin 
angular-compiler][0m

    
src/app/pages/logistics/quote-entry/enter-supplier-quote.page.ts:312:88:
[37m      312 Ôöé ...== 'string' ? currentRfq.[32mrequirementId[37m : 
(currentRfq.requireme...
          ÔòÁ                             [32m~~~~~~~~~~~~~[0m


[31mX [41;31m[[41;97mERROR[41;31m][0m [1mTS2339: Property 
'requirementId' does not exist on type 'Rfq'.[0m [1m[35m[plugin 
angular-compiler][0m

    
src/app/pages/logistics/quote-entry/enter-supplier-quote.page.ts:312:116:
[37m      312 Ôöé ...currentRfq.requirementId : 
(currentRfq.[32mrequirementId[37m as any)._id;
          ÔòÁ                                           
[32m~~~~~~~~~~~~~[0m

[39m[22m
